// Jest Snapshot v1, https://goo.gl/fbAQLP

exports[`Transaction component should show transaction 1`] = `ShallowWrapper {}`;
